Archive member included to satisfy reference by file (symbol)

d:/intelfpga_lite/20.1/nios2eds/bin/gnu/h-x86_64-mingw32/bin/../lib/gcc/nios2-elf/10.1.1/mno-hw-mul\libgcc.a(lib2-divmod.o)
                              obj/default/main.o (__modsi3)
d:/intelfpga_lite/20.1/nios2eds/bin/gnu/h-x86_64-mingw32/bin/../lib/gcc/nios2-elf/10.1.1/../../../../../H-x86_64-mingw32/nios2-elf/lib/mno-hw-mul\libc.a(lib_a-rand.o)
                              obj/default/main.o (rand)
d:/intelfpga_lite/20.1/nios2eds/bin/gnu/h-x86_64-mingw32/bin/../lib/gcc/nios2-elf/10.1.1/../../../../../H-x86_64-mingw32/nios2-elf/lib/mno-hw-mul\libc.a(lib_a-impure.o)
                              d:/intelfpga_lite/20.1/nios2eds/bin/gnu/h-x86_64-mingw32/bin/../lib/gcc/nios2-elf/10.1.1/../../../../../H-x86_64-mingw32/nios2-elf/lib/mno-hw-mul\libc.a(lib_a-rand.o) (_impure_ptr)
d:/intelfpga_lite/20.1/nios2eds/bin/gnu/h-x86_64-mingw32/bin/../lib/gcc/nios2-elf/10.1.1/mno-hw-mul\libgcc.a(_muldi3.o)
                              d:/intelfpga_lite/20.1/nios2eds/bin/gnu/h-x86_64-mingw32/bin/../lib/gcc/nios2-elf/10.1.1/../../../../../H-x86_64-mingw32/nios2-elf/lib/mno-hw-mul\libc.a(lib_a-rand.o) (__muldi3)
d:/intelfpga_lite/20.1/nios2eds/bin/gnu/h-x86_64-mingw32/bin/../lib/gcc/nios2-elf/10.1.1/mno-hw-mul\libgcc.a(lib2-mul.o)
                              d:/intelfpga_lite/20.1/nios2eds/bin/gnu/h-x86_64-mingw32/bin/../lib/gcc/nios2-elf/10.1.1/mno-hw-mul\libgcc.a(_muldi3.o) (__mulsi3)
c:/Users/User/Desktop/Coursework-on-Verilog/software/cpu_bsp/\libhal_bsp.a(alt_load.o)
                              c:/Users/User/Desktop/Coursework-on-Verilog/software/cpu_bsp//obj/HAL/src/crt0.o (alt_load)
c:/Users/User/Desktop/Coursework-on-Verilog/software/cpu_bsp/\libhal_bsp.a(alt_main.o)
                              c:/Users/User/Desktop/Coursework-on-Verilog/software/cpu_bsp//obj/HAL/src/crt0.o (alt_main)
c:/Users/User/Desktop/Coursework-on-Verilog/software/cpu_bsp/\libhal_bsp.a(alt_sys_init.o)
                              c:/Users/User/Desktop/Coursework-on-Verilog/software/cpu_bsp/\libhal_bsp.a(alt_main.o) (alt_irq_init)
c:/Users/User/Desktop/Coursework-on-Verilog/software/cpu_bsp/\libhal_bsp.a(alt_close.o)
                              c:/Users/User/Desktop/Coursework-on-Verilog/software/cpu_bsp/\libhal_bsp.a(alt_main.o) (close)
c:/Users/User/Desktop/Coursework-on-Verilog/software/cpu_bsp/\libhal_bsp.a(alt_dcache_flush_all.o)
                              c:/Users/User/Desktop/Coursework-on-Verilog/software/cpu_bsp/\libhal_bsp.a(alt_load.o) (alt_dcache_flush_all)
c:/Users/User/Desktop/Coursework-on-Verilog/software/cpu_bsp/\libhal_bsp.a(alt_dev.o)
                              c:/Users/User/Desktop/Coursework-on-Verilog/software/cpu_bsp/\libhal_bsp.a(alt_close.o) (alt_fd_list)
c:/Users/User/Desktop/Coursework-on-Verilog/software/cpu_bsp/\libhal_bsp.a(alt_do_ctors.o)
                              c:/Users/User/Desktop/Coursework-on-Verilog/software/cpu_bsp/\libhal_bsp.a(alt_main.o) (_do_ctors)
c:/Users/User/Desktop/Coursework-on-Verilog/software/cpu_bsp/\libhal_bsp.a(alt_do_dtors.o)
                              c:/Users/User/Desktop/Coursework-on-Verilog/software/cpu_bsp/\libhal_bsp.a(alt_main.o) (_do_dtors)
c:/Users/User/Desktop/Coursework-on-Verilog/software/cpu_bsp/\libhal_bsp.a(alt_errno.o)
                              c:/Users/User/Desktop/Coursework-on-Verilog/software/cpu_bsp/\libhal_bsp.a(alt_close.o) (alt_errno)
c:/Users/User/Desktop/Coursework-on-Verilog/software/cpu_bsp/\libhal_bsp.a(alt_icache_flush_all.o)
                              c:/Users/User/Desktop/Coursework-on-Verilog/software/cpu_bsp/\libhal_bsp.a(alt_load.o) (alt_icache_flush_all)
c:/Users/User/Desktop/Coursework-on-Verilog/software/cpu_bsp/\libhal_bsp.a(alt_release_fd.o)
                              c:/Users/User/Desktop/Coursework-on-Verilog/software/cpu_bsp/\libhal_bsp.a(alt_close.o) (alt_release_fd)
c:/Users/User/Desktop/Coursework-on-Verilog/software/cpu_bsp/\libhal_bsp.a(altera_nios2_gen2_irq.o)
                              c:/Users/User/Desktop/Coursework-on-Verilog/software/cpu_bsp/\libhal_bsp.a(alt_sys_init.o) (altera_nios2_gen2_irq_init)
d:/intelfpga_lite/20.1/nios2eds/bin/gnu/h-x86_64-mingw32/bin/../lib/gcc/nios2-elf/10.1.1/../../../../../H-x86_64-mingw32/nios2-elf/lib/mno-hw-mul\libc.a(lib_a-atexit.o)
                              c:/Users/User/Desktop/Coursework-on-Verilog/software/cpu_bsp/\libhal_bsp.a(alt_main.o) (atexit)
d:/intelfpga_lite/20.1/nios2eds/bin/gnu/h-x86_64-mingw32/bin/../lib/gcc/nios2-elf/10.1.1/../../../../../H-x86_64-mingw32/nios2-elf/lib/mno-hw-mul\libc.a(lib_a-exit.o)
                              c:/Users/User/Desktop/Coursework-on-Verilog/software/cpu_bsp/\libhal_bsp.a(alt_main.o) (exit)
d:/intelfpga_lite/20.1/nios2eds/bin/gnu/h-x86_64-mingw32/bin/../lib/gcc/nios2-elf/10.1.1/../../../../../H-x86_64-mingw32/nios2-elf/lib/mno-hw-mul\libc.a(lib_a-int_errno.o)
                              c:/Users/User/Desktop/Coursework-on-Verilog/software/cpu_bsp/\libhal_bsp.a(alt_close.o) (errno)
d:/intelfpga_lite/20.1/nios2eds/bin/gnu/h-x86_64-mingw32/bin/../lib/gcc/nios2-elf/10.1.1/../../../../../H-x86_64-mingw32/nios2-elf/lib/mno-hw-mul\libc.a(lib_a-__atexit.o)
                              d:/intelfpga_lite/20.1/nios2eds/bin/gnu/h-x86_64-mingw32/bin/../lib/gcc/nios2-elf/10.1.1/../../../../../H-x86_64-mingw32/nios2-elf/lib/mno-hw-mul\libc.a(lib_a-atexit.o) (__register_exitproc)
d:/intelfpga_lite/20.1/nios2eds/bin/gnu/h-x86_64-mingw32/bin/../lib/gcc/nios2-elf/10.1.1/../../../../../H-x86_64-mingw32/nios2-elf/lib/mno-hw-mul\libc.a(lib_a-__call_atexit.o)
                              d:/intelfpga_lite/20.1/nios2eds/bin/gnu/h-x86_64-mingw32/bin/../lib/gcc/nios2-elf/10.1.1/../../../../../H-x86_64-mingw32/nios2-elf/lib/mno-hw-mul\libc.a(lib_a-exit.o) (__call_exitprocs)
c:/Users/User/Desktop/Coursework-on-Verilog/software/cpu_bsp/\libhal_bsp.a(alt_exit.o)
                              d:/intelfpga_lite/20.1/nios2eds/bin/gnu/h-x86_64-mingw32/bin/../lib/gcc/nios2-elf/10.1.1/../../../../../H-x86_64-mingw32/nios2-elf/lib/mno-hw-mul\libc.a(lib_a-exit.o) (_exit)

Memory Configuration

Name             Origin             Length             Attributes
reset            0x0000000000004000 0x0000000000000020
onchip_memory2_0 0x0000000000004020 0x0000000000003fe0
*default*        0x0000000000000000 0xffffffffffffffff

Linker script and memory map

LOAD c:/Users/User/Desktop/Coursework-on-Verilog/software/cpu_bsp//obj/HAL/src/crt0.o
LOAD obj/default/main.o
LOAD d:/intelfpga_lite/20.1/nios2eds/bin/gnu/h-x86_64-mingw32/bin/../lib/gcc/nios2-elf/10.1.1/../../../../../H-x86_64-mingw32/nios2-elf/lib/mno-hw-mul\libstdc++.a
LOAD d:/intelfpga_lite/20.1/nios2eds/bin/gnu/h-x86_64-mingw32/bin/../lib/gcc/nios2-elf/10.1.1/../../../../../H-x86_64-mingw32/nios2-elf/lib/mno-hw-mul\libm.a
LOAD d:/intelfpga_lite/20.1/nios2eds/bin/gnu/h-x86_64-mingw32/bin/../lib/gcc/nios2-elf/10.1.1/mno-hw-mul\libgcc.a
START GROUP
LOAD d:/intelfpga_lite/20.1/nios2eds/bin/gnu/h-x86_64-mingw32/bin/../lib/gcc/nios2-elf/10.1.1/../../../../../H-x86_64-mingw32/nios2-elf/lib/mno-hw-mul\libc.a
LOAD d:/intelfpga_lite/20.1/nios2eds/bin/gnu/h-x86_64-mingw32/bin/../lib/gcc/nios2-elf/10.1.1/mno-hw-mul\libgcc.a
LOAD c:/Users/User/Desktop/Coursework-on-Verilog/software/cpu_bsp/\libhal_bsp.a
LOAD d:/intelfpga_lite/20.1/nios2eds/bin/gnu/h-x86_64-mingw32/bin/../lib/gcc/nios2-elf/10.1.1/../../../../../H-x86_64-mingw32/nios2-elf/lib/mno-hw-mul\libm.a
END GROUP
LOAD d:/intelfpga_lite/20.1/nios2eds/bin/gnu/h-x86_64-mingw32/bin/../lib/gcc/nios2-elf/10.1.1/mno-hw-mul\libgcc.a
                0x0000000000004000                __alt_mem_onchip_memory2_0 = 0x4000

.entry          0x0000000000004000       0x20
 *(.entry)
 .entry         0x0000000000004000       0x20 c:/Users/User/Desktop/Coursework-on-Verilog/software/cpu_bsp//obj/HAL/src/crt0.o
                0x0000000000004000                __reset

.exceptions     0x0000000000004020        0x0
                0x0000000000004020                PROVIDE (__ram_exceptions_start = ABSOLUTE (.))
                0x0000000000004020                . = ALIGN (0x20)
 *(.irq)
 *(.exceptions.entry.label)
 *(.exceptions.entry.user)
 *(.exceptions.entry.ecc_fatal)
 *(.exceptions.entry)
 *(.exceptions.irqtest.user)
 *(.exceptions.irqtest)
 *(.exceptions.irqhandler.user)
 *(.exceptions.irqhandler)
 *(.exceptions.irqreturn.user)
 *(.exceptions.irqreturn)
 *(.exceptions.notirq.label)
 *(.exceptions.notirq.user)
 *(.exceptions.notirq)
 *(.exceptions.soft.user)
 *(.exceptions.soft)
 *(.exceptions.unknown.user)
 *(.exceptions.unknown)
 *(.exceptions.exit.label)
 *(.exceptions.exit.user)
 *(.exceptions.exit)
 *(.exceptions)
                0x0000000000004020                PROVIDE (__ram_exceptions_end = ABSOLUTE (.))
                0x0000000000004020                PROVIDE (__flash_exceptions_start = LOADADDR (.exceptions))

.text           0x0000000000004020      0xfdc
                [!provide]                        PROVIDE (stext = ABSOLUTE (.))
 *(.interp)
 *(.hash)
 *(.dynsym)
 *(.dynstr)
 *(.gnu.version)
 *(.gnu.version_d)
 *(.gnu.version_r)
 *(.rel.init)
 *(.rela.init)
 *(.rel.text .rel.text.* .rel.gnu.linkonce.t.*)
 *(.rela.text .rela.text.* .rela.gnu.linkonce.t.*)
 *(.rel.fini)
 *(.rela.fini)
 *(.rel.rodata .rel.rodata.* .rel.gnu.linkonce.r.*)
 *(.rela.rodata .rela.rodata.* .rela.gnu.linkonce.r.*)
 *(.rel.data .rel.data.* .rel.gnu.linkonce.d.*)
 *(.rela.data .rela.data.* .rela.gnu.linkonce.d.*)
 *(.rel.tdata .rel.tdata.* .rel.gnu.linkonce.td.*)
 *(.rela.tdata .rela.tdata.* .rela.gnu.linkonce.td.*)
 *(.rel.tbss .rel.tbss.* .rel.gnu.linkonce.tb.*)
 *(.rela.tbss .rela.tbss.* .rela.gnu.linkonce.tb.*)
 *(.rel.ctors)
 *(.rela.ctors)
 *(.rel.dtors)
 *(.rela.dtors)
 *(.rel.got)
 *(.rela.got)
 *(.rel.sdata .rel.sdata.* .rel.gnu.linkonce.s.*)
 *(.rela.sdata .rela.sdata.* .rela.gnu.linkonce.s.*)
 *(.rel.sbss .rel.sbss.* .rel.gnu.linkonce.sb.*)
 *(.rela.sbss .rela.sbss.* .rela.gnu.linkonce.sb.*)
 *(.rel.sdata2 .rel.sdata2.* .rel.gnu.linkonce.s2.*)
 *(.rela.sdata2 .rela.sdata2.* .rela.gnu.linkonce.s2.*)
 *(.rel.sbss2 .rel.sbss2.* .rel.gnu.linkonce.sb2.*)
 *(.rela.sbss2 .rela.sbss2.* .rela.gnu.linkonce.sb2.*)
 *(.rel.bss .rel.bss.* .rel.gnu.linkonce.b.*)
 *(.rela.bss .rela.bss.* .rela.gnu.linkonce.b.*)
 *(.rel.plt)
 *(.rela.plt)
 *(.rel.dyn)
 *(.init)
 *(.plt)
 *(.text .stub .text.* .gnu.linkonce.t.*)
 .text          0x0000000000004020       0x3c c:/Users/User/Desktop/Coursework-on-Verilog/software/cpu_bsp//obj/HAL/src/crt0.o
                0x0000000000004020                _start
 .text          0x000000000000405c      0x594 obj/default/main.o
                0x000000000000405c                main
 .text          0x00000000000045f0      0x1b4 d:/intelfpga_lite/20.1/nios2eds/bin/gnu/h-x86_64-mingw32/bin/../lib/gcc/nios2-elf/10.1.1/mno-hw-mul\libgcc.a(lib2-divmod.o)
                0x00000000000045f0                __divsi3
                0x0000000000004670                __modsi3
                0x00000000000046e4                __udivsi3
                0x0000000000004748                __umodsi3
 .text          0x00000000000047a4        0x0 d:/intelfpga_lite/20.1/nios2eds/bin/gnu/h-x86_64-mingw32/bin/../lib/gcc/nios2-elf/10.1.1/../../../../../H-x86_64-mingw32/nios2-elf/lib/mno-hw-mul\libc.a(lib_a-rand.o)
 .text.srand    0x00000000000047a4       0x14 d:/intelfpga_lite/20.1/nios2eds/bin/gnu/h-x86_64-mingw32/bin/../lib/gcc/nios2-elf/10.1.1/../../../../../H-x86_64-mingw32/nios2-elf/lib/mno-hw-mul\libc.a(lib_a-rand.o)
                0x00000000000047a4                srand
 .text.rand     0x00000000000047b8       0x60 d:/intelfpga_lite/20.1/nios2eds/bin/gnu/h-x86_64-mingw32/bin/../lib/gcc/nios2-elf/10.1.1/../../../../../H-x86_64-mingw32/nios2-elf/lib/mno-hw-mul\libc.a(lib_a-rand.o)
                0x00000000000047b8                rand
 .text          0x0000000000004818        0x0 d:/intelfpga_lite/20.1/nios2eds/bin/gnu/h-x86_64-mingw32/bin/../lib/gcc/nios2-elf/10.1.1/../../../../../H-x86_64-mingw32/nios2-elf/lib/mno-hw-mul\libc.a(lib_a-impure.o)
 .text          0x0000000000004818      0x104 d:/intelfpga_lite/20.1/nios2eds/bin/gnu/h-x86_64-mingw32/bin/../lib/gcc/nios2-elf/10.1.1/mno-hw-mul\libgcc.a(_muldi3.o)
                0x0000000000004818                __muldi3
 .text          0x000000000000491c       0x28 d:/intelfpga_lite/20.1/nios2eds/bin/gnu/h-x86_64-mingw32/bin/../lib/gcc/nios2-elf/10.1.1/mno-hw-mul\libgcc.a(lib2-mul.o)
                0x000000000000491c                __mulsi3
 .text          0x0000000000004944       0xec c:/Users/User/Desktop/Coursework-on-Verilog/software/cpu_bsp/\libhal_bsp.a(alt_load.o)
                0x00000000000049ac                alt_load
 .text          0x0000000000004a30       0x60 c:/Users/User/Desktop/Coursework-on-Verilog/software/cpu_bsp/\libhal_bsp.a(alt_main.o)
                0x0000000000004a30                alt_main
 .text          0x0000000000004a90       0x5c c:/Users/User/Desktop/Coursework-on-Verilog/software/cpu_bsp/\libhal_bsp.a(alt_sys_init.o)
                0x0000000000004a90                alt_irq_init
                0x0000000000004acc                alt_sys_init
 .text          0x0000000000004aec      0x118 c:/Users/User/Desktop/Coursework-on-Verilog/software/cpu_bsp/\libhal_bsp.a(alt_close.o)
                0x0000000000004b28                close
 .text          0x0000000000004c04       0x20 c:/Users/User/Desktop/Coursework-on-Verilog/software/cpu_bsp/\libhal_bsp.a(alt_dcache_flush_all.o)
                0x0000000000004c04                alt_dcache_flush_all
 .text          0x0000000000004c24       0x2c c:/Users/User/Desktop/Coursework-on-Verilog/software/cpu_bsp/\libhal_bsp.a(alt_dev.o)
 .text          0x0000000000004c50       0x64 c:/Users/User/Desktop/Coursework-on-Verilog/software/cpu_bsp/\libhal_bsp.a(alt_do_ctors.o)
                0x0000000000004c50                _do_ctors
 .text          0x0000000000004cb4       0x64 c:/Users/User/Desktop/Coursework-on-Verilog/software/cpu_bsp/\libhal_bsp.a(alt_do_dtors.o)
                0x0000000000004cb4                _do_dtors
 .text          0x0000000000004d18        0x0 c:/Users/User/Desktop/Coursework-on-Verilog/software/cpu_bsp/\libhal_bsp.a(alt_errno.o)
 .text          0x0000000000004d18       0x20 c:/Users/User/Desktop/Coursework-on-Verilog/software/cpu_bsp/\libhal_bsp.a(alt_icache_flush_all.o)
                0x0000000000004d18                alt_icache_flush_all
 .text          0x0000000000004d38       0x70 c:/Users/User/Desktop/Coursework-on-Verilog/software/cpu_bsp/\libhal_bsp.a(alt_release_fd.o)
                0x0000000000004d38                alt_release_fd
 .text          0x0000000000004da8       0x24 c:/Users/User/Desktop/Coursework-on-Verilog/software/cpu_bsp/\libhal_bsp.a(altera_nios2_gen2_irq.o)
                0x0000000000004da8                altera_nios2_gen2_irq_init
 .text          0x0000000000004dcc        0x0 d:/intelfpga_lite/20.1/nios2eds/bin/gnu/h-x86_64-mingw32/bin/../lib/gcc/nios2-elf/10.1.1/../../../../../H-x86_64-mingw32/nios2-elf/lib/mno-hw-mul\libc.a(lib_a-atexit.o)
 .text.atexit   0x0000000000004dcc       0x14 d:/intelfpga_lite/20.1/nios2eds/bin/gnu/h-x86_64-mingw32/bin/../lib/gcc/nios2-elf/10.1.1/../../../../../H-x86_64-mingw32/nios2-elf/lib/mno-hw-mul\libc.a(lib_a-atexit.o)
                0x0000000000004dcc                atexit
 .text          0x0000000000004de0        0x0 d:/intelfpga_lite/20.1/nios2eds/bin/gnu/h-x86_64-mingw32/bin/../lib/gcc/nios2-elf/10.1.1/../../../../../H-x86_64-mingw32/nios2-elf/lib/mno-hw-mul\libc.a(lib_a-exit.o)
 .text.exit     0x0000000000004de0       0x34 d:/intelfpga_lite/20.1/nios2eds/bin/gnu/h-x86_64-mingw32/bin/../lib/gcc/nios2-elf/10.1.1/../../../../../H-x86_64-mingw32/nios2-elf/lib/mno-hw-mul\libc.a(lib_a-exit.o)
                0x0000000000004de0                exit
 .text          0x0000000000004e14        0x0 d:/intelfpga_lite/20.1/nios2eds/bin/gnu/h-x86_64-mingw32/bin/../lib/gcc/nios2-elf/10.1.1/../../../../../H-x86_64-mingw32/nios2-elf/lib/mno-hw-mul\libc.a(lib_a-int_errno.o)
 .text          0x0000000000004e14        0x0 d:/intelfpga_lite/20.1/nios2eds/bin/gnu/h-x86_64-mingw32/bin/../lib/gcc/nios2-elf/10.1.1/../../../../../H-x86_64-mingw32/nios2-elf/lib/mno-hw-mul\libc.a(lib_a-__atexit.o)
 .text.__register_exitproc
                0x0000000000004e14       0x90 d:/intelfpga_lite/20.1/nios2eds/bin/gnu/h-x86_64-mingw32/bin/../lib/gcc/nios2-elf/10.1.1/../../../../../H-x86_64-mingw32/nios2-elf/lib/mno-hw-mul\libc.a(lib_a-__atexit.o)
                0x0000000000004e14                __register_exitproc
 .text          0x0000000000004ea4        0x0 d:/intelfpga_lite/20.1/nios2eds/bin/gnu/h-x86_64-mingw32/bin/../lib/gcc/nios2-elf/10.1.1/../../../../../H-x86_64-mingw32/nios2-elf/lib/mno-hw-mul\libc.a(lib_a-__call_atexit.o)
 .text.__call_exitprocs
                0x0000000000004ea4      0x120 d:/intelfpga_lite/20.1/nios2eds/bin/gnu/h-x86_64-mingw32/bin/../lib/gcc/nios2-elf/10.1.1/../../../../../H-x86_64-mingw32/nios2-elf/lib/mno-hw-mul\libc.a(lib_a-__call_atexit.o)
                0x0000000000004ea4                __call_exitprocs
 .text          0x0000000000004fc4       0x38 c:/Users/User/Desktop/Coursework-on-Verilog/software/cpu_bsp/\libhal_bsp.a(alt_exit.o)
                0x0000000000004fc4                _exit
 *(.gnu.warning.*)
 *(.fini)
                [!provide]                        PROVIDE (__etext = ABSOLUTE (.))
                [!provide]                        PROVIDE (_etext = ABSOLUTE (.))
                [!provide]                        PROVIDE (etext = ABSOLUTE (.))
 *(.eh_frame_hdr)
                0x0000000000004ffc                . = ALIGN (0x4)
                [!provide]                        PROVIDE (__preinit_array_start = ABSOLUTE (.))
 *(.preinit_array)
                [!provide]                        PROVIDE (__preinit_array_end = ABSOLUTE (.))
                [!provide]                        PROVIDE (__init_array_start = ABSOLUTE (.))
 *(.init_array)
                [!provide]                        PROVIDE (__init_array_end = ABSOLUTE (.))
                [!provide]                        PROVIDE (__fini_array_start = ABSOLUTE (.))
 *(.fini_array)
                [!provide]                        PROVIDE (__fini_array_end = ABSOLUTE (.))
 *(.eh_frame)
 *(.gcc_except_table .gcc_except_table.*)
 *(.dynamic)
                0x0000000000004ffc                PROVIDE (__CTOR_LIST__ = ABSOLUTE (.))
 *(.ctors)
 *(SORT_BY_NAME(.ctors.*))
                0x0000000000004ffc                PROVIDE (__CTOR_END__ = ABSOLUTE (.))
                0x0000000000004ffc                PROVIDE (__DTOR_LIST__ = ABSOLUTE (.))
 *(.dtors)
 *(SORT_BY_NAME(.dtors.*))
                0x0000000000004ffc                PROVIDE (__DTOR_END__ = ABSOLUTE (.))
 *(.jcr)
                0x0000000000004ffc                . = ALIGN (0x4)

.rodata         0x0000000000004ffc        0xc
                0x0000000000004ffc                PROVIDE (__ram_rodata_start = ABSOLUTE (.))
                0x0000000000004ffc                . = ALIGN (0x4)
 *(.rodata .rodata.* .gnu.linkonce.r.*)
 .rodata        0x0000000000004ffc        0xa c:/Users/User/Desktop/Coursework-on-Verilog/software/cpu_bsp/\libhal_bsp.a(alt_dev.o)
 *(.rodata1)
                0x0000000000005008                . = ALIGN (0x4)
 *fill*         0x0000000000005006        0x2 
                0x0000000000005008                PROVIDE (__ram_rodata_end = ABSOLUTE (.))
                0x0000000000004ffc                PROVIDE (__flash_rodata_start = LOADADDR (.rodata))

.rwdata         0x0000000000005008      0x5ec load address 0x00000000000055f4
                0x0000000000005008                PROVIDE (__ram_rwdata_start = ABSOLUTE (.))
                0x0000000000005008                . = ALIGN (0x4)
 *(.got.plt)
 *(.got)
 *(.data1)
 *(.data .data.* .gnu.linkonce.d.*)
 .data          0x0000000000005008        0x0 c:/Users/User/Desktop/Coursework-on-Verilog/software/cpu_bsp//obj/HAL/src/crt0.o
 .data          0x0000000000005008        0x0 obj/default/main.o
 .data          0x0000000000005008        0x0 d:/intelfpga_lite/20.1/nios2eds/bin/gnu/h-x86_64-mingw32/bin/../lib/gcc/nios2-elf/10.1.1/mno-hw-mul\libgcc.a(lib2-divmod.o)
 .data          0x0000000000005008        0x0 d:/intelfpga_lite/20.1/nios2eds/bin/gnu/h-x86_64-mingw32/bin/../lib/gcc/nios2-elf/10.1.1/../../../../../H-x86_64-mingw32/nios2-elf/lib/mno-hw-mul\libc.a(lib_a-rand.o)
 .data          0x0000000000005008        0x0 d:/intelfpga_lite/20.1/nios2eds/bin/gnu/h-x86_64-mingw32/bin/../lib/gcc/nios2-elf/10.1.1/../../../../../H-x86_64-mingw32/nios2-elf/lib/mno-hw-mul\libc.a(lib_a-impure.o)
 .data.impure_data
                0x0000000000005008      0x424 d:/intelfpga_lite/20.1/nios2eds/bin/gnu/h-x86_64-mingw32/bin/../lib/gcc/nios2-elf/10.1.1/../../../../../H-x86_64-mingw32/nios2-elf/lib/mno-hw-mul\libc.a(lib_a-impure.o)
 .data          0x000000000000542c        0x0 d:/intelfpga_lite/20.1/nios2eds/bin/gnu/h-x86_64-mingw32/bin/../lib/gcc/nios2-elf/10.1.1/mno-hw-mul\libgcc.a(_muldi3.o)
 .data          0x000000000000542c        0x0 d:/intelfpga_lite/20.1/nios2eds/bin/gnu/h-x86_64-mingw32/bin/../lib/gcc/nios2-elf/10.1.1/mno-hw-mul\libgcc.a(lib2-mul.o)
 .data          0x000000000000542c        0x0 c:/Users/User/Desktop/Coursework-on-Verilog/software/cpu_bsp/\libhal_bsp.a(alt_load.o)
 .data          0x000000000000542c        0x0 c:/Users/User/Desktop/Coursework-on-Verilog/software/cpu_bsp/\libhal_bsp.a(alt_main.o)
 .data          0x000000000000542c        0x0 c:/Users/User/Desktop/Coursework-on-Verilog/software/cpu_bsp/\libhal_bsp.a(alt_sys_init.o)
 .data          0x000000000000542c        0x0 c:/Users/User/Desktop/Coursework-on-Verilog/software/cpu_bsp/\libhal_bsp.a(alt_close.o)
 .data          0x000000000000542c        0x0 c:/Users/User/Desktop/Coursework-on-Verilog/software/cpu_bsp/\libhal_bsp.a(alt_dcache_flush_all.o)
 .data          0x000000000000542c      0x1a8 c:/Users/User/Desktop/Coursework-on-Verilog/software/cpu_bsp/\libhal_bsp.a(alt_dev.o)
                0x000000000000542c                alt_dev_null
                0x0000000000005454                alt_fd_list
 .data          0x00000000000055d4        0x0 c:/Users/User/Desktop/Coursework-on-Verilog/software/cpu_bsp/\libhal_bsp.a(alt_do_ctors.o)
 .data          0x00000000000055d4        0x0 c:/Users/User/Desktop/Coursework-on-Verilog/software/cpu_bsp/\libhal_bsp.a(alt_do_dtors.o)
 .data          0x00000000000055d4        0x0 c:/Users/User/Desktop/Coursework-on-Verilog/software/cpu_bsp/\libhal_bsp.a(alt_errno.o)
 .data          0x00000000000055d4        0x0 c:/Users/User/Desktop/Coursework-on-Verilog/software/cpu_bsp/\libhal_bsp.a(alt_icache_flush_all.o)
 .data          0x00000000000055d4        0x0 c:/Users/User/Desktop/Coursework-on-Verilog/software/cpu_bsp/\libhal_bsp.a(alt_release_fd.o)
 .data          0x00000000000055d4        0x0 c:/Users/User/Desktop/Coursework-on-Verilog/software/cpu_bsp/\libhal_bsp.a(altera_nios2_gen2_irq.o)
 .data          0x00000000000055d4        0x0 d:/intelfpga_lite/20.1/nios2eds/bin/gnu/h-x86_64-mingw32/bin/../lib/gcc/nios2-elf/10.1.1/../../../../../H-x86_64-mingw32/nios2-elf/lib/mno-hw-mul\libc.a(lib_a-atexit.o)
 .data          0x00000000000055d4        0x0 d:/intelfpga_lite/20.1/nios2eds/bin/gnu/h-x86_64-mingw32/bin/../lib/gcc/nios2-elf/10.1.1/../../../../../H-x86_64-mingw32/nios2-elf/lib/mno-hw-mul\libc.a(lib_a-exit.o)
 .data          0x00000000000055d4        0x0 d:/intelfpga_lite/20.1/nios2eds/bin/gnu/h-x86_64-mingw32/bin/../lib/gcc/nios2-elf/10.1.1/../../../../../H-x86_64-mingw32/nios2-elf/lib/mno-hw-mul\libc.a(lib_a-int_errno.o)
 .data          0x00000000000055d4        0x0 d:/intelfpga_lite/20.1/nios2eds/bin/gnu/h-x86_64-mingw32/bin/../lib/gcc/nios2-elf/10.1.1/../../../../../H-x86_64-mingw32/nios2-elf/lib/mno-hw-mul\libc.a(lib_a-__atexit.o)
 .data          0x00000000000055d4        0x0 d:/intelfpga_lite/20.1/nios2eds/bin/gnu/h-x86_64-mingw32/bin/../lib/gcc/nios2-elf/10.1.1/../../../../../H-x86_64-mingw32/nios2-elf/lib/mno-hw-mul\libc.a(lib_a-__call_atexit.o)
 .data          0x00000000000055d4        0x0 c:/Users/User/Desktop/Coursework-on-Verilog/software/cpu_bsp/\libhal_bsp.a(alt_exit.o)
                0x000000000000d5d4                _gp = ABSOLUTE ((. + 0x8000))
                [!provide]                        PROVIDE (gp = _gp)
 *(.rwdata .rwdata.*)
 *(.sdata .sdata.* .gnu.linkonce.s.*)
 .sdata._global_impure_ptr
                0x00000000000055d4        0x4 d:/intelfpga_lite/20.1/nios2eds/bin/gnu/h-x86_64-mingw32/bin/../lib/gcc/nios2-elf/10.1.1/../../../../../H-x86_64-mingw32/nios2-elf/lib/mno-hw-mul\libc.a(lib_a-impure.o)
                0x00000000000055d4                _global_impure_ptr
 .sdata._impure_ptr
                0x00000000000055d8        0x4 d:/intelfpga_lite/20.1/nios2eds/bin/gnu/h-x86_64-mingw32/bin/../lib/gcc/nios2-elf/10.1.1/../../../../../H-x86_64-mingw32/nios2-elf/lib/mno-hw-mul\libc.a(lib_a-impure.o)
                0x00000000000055d8                _impure_ptr
 .sdata         0x00000000000055dc       0x14 c:/Users/User/Desktop/Coursework-on-Verilog/software/cpu_bsp/\libhal_bsp.a(alt_dev.o)
                0x00000000000055dc                alt_fs_list
                0x00000000000055e4                alt_dev_list
                0x00000000000055ec                alt_max_fd
 .sdata         0x00000000000055f0        0x4 c:/Users/User/Desktop/Coursework-on-Verilog/software/cpu_bsp/\libhal_bsp.a(alt_errno.o)
                0x00000000000055f0                alt_errno
 *(.sdata2 .sdata2.* .gnu.linkonce.s2.*)
                0x00000000000055f4                . = ALIGN (0x4)
                0x00000000000055f4                _edata = ABSOLUTE (.)
                [!provide]                        PROVIDE (edata = ABSOLUTE (.))
                0x00000000000055f4                PROVIDE (__ram_rwdata_end = ABSOLUTE (.))
                0x00000000000055f4                PROVIDE (__flash_rwdata_start = LOADADDR (.rwdata))

.bss            0x0000000000005be0       0x10
                0x0000000000005be0                __bss_start = ABSOLUTE (.)
                [!provide]                        PROVIDE (__sbss_start = ABSOLUTE (.))
                [!provide]                        PROVIDE (___sbss_start = ABSOLUTE (.))
 *(.dynsbss)
 *(.sbss .sbss.* .gnu.linkonce.sb.*)
 .sbss          0x0000000000005be0        0xc c:/Users/User/Desktop/Coursework-on-Verilog/software/cpu_bsp/\libhal_bsp.a(alt_main.o)
                0x0000000000005be0                alt_argc
                0x0000000000005be4                alt_argv
                0x0000000000005be8                alt_envp
 .sbss.errno    0x0000000000005bec        0x4 d:/intelfpga_lite/20.1/nios2eds/bin/gnu/h-x86_64-mingw32/bin/../lib/gcc/nios2-elf/10.1.1/../../../../../H-x86_64-mingw32/nios2-elf/lib/mno-hw-mul\libc.a(lib_a-int_errno.o)
                0x0000000000005bec                errno
 *(.sbss2 .sbss2.* .gnu.linkonce.sb2.*)
 *(.scommon)
                [!provide]                        PROVIDE (__sbss_end = ABSOLUTE (.))
                [!provide]                        PROVIDE (___sbss_end = ABSOLUTE (.))
 *(.dynbss)
 *(.bss .bss.* .gnu.linkonce.b.*)
 .bss           0x0000000000005bf0        0x0 c:/Users/User/Desktop/Coursework-on-Verilog/software/cpu_bsp//obj/HAL/src/crt0.o
 .bss           0x0000000000005bf0        0x0 obj/default/main.o
 .bss           0x0000000000005bf0        0x0 d:/intelfpga_lite/20.1/nios2eds/bin/gnu/h-x86_64-mingw32/bin/../lib/gcc/nios2-elf/10.1.1/mno-hw-mul\libgcc.a(lib2-divmod.o)
 .bss           0x0000000000005bf0        0x0 d:/intelfpga_lite/20.1/nios2eds/bin/gnu/h-x86_64-mingw32/bin/../lib/gcc/nios2-elf/10.1.1/../../../../../H-x86_64-mingw32/nios2-elf/lib/mno-hw-mul\libc.a(lib_a-rand.o)
 .bss           0x0000000000005bf0        0x0 d:/intelfpga_lite/20.1/nios2eds/bin/gnu/h-x86_64-mingw32/bin/../lib/gcc/nios2-elf/10.1.1/../../../../../H-x86_64-mingw32/nios2-elf/lib/mno-hw-mul\libc.a(lib_a-impure.o)
 .bss           0x0000000000005bf0        0x0 d:/intelfpga_lite/20.1/nios2eds/bin/gnu/h-x86_64-mingw32/bin/../lib/gcc/nios2-elf/10.1.1/mno-hw-mul\libgcc.a(_muldi3.o)
 .bss           0x0000000000005bf0        0x0 d:/intelfpga_lite/20.1/nios2eds/bin/gnu/h-x86_64-mingw32/bin/../lib/gcc/nios2-elf/10.1.1/mno-hw-mul\libgcc.a(lib2-mul.o)
 .bss           0x0000000000005bf0        0x0 c:/Users/User/Desktop/Coursework-on-Verilog/software/cpu_bsp/\libhal_bsp.a(alt_load.o)
 .bss           0x0000000000005bf0        0x0 c:/Users/User/Desktop/Coursework-on-Verilog/software/cpu_bsp/\libhal_bsp.a(alt_main.o)
 .bss           0x0000000000005bf0        0x0 c:/Users/User/Desktop/Coursework-on-Verilog/software/cpu_bsp/\libhal_bsp.a(alt_sys_init.o)
 .bss           0x0000000000005bf0        0x0 c:/Users/User/Desktop/Coursework-on-Verilog/software/cpu_bsp/\libhal_bsp.a(alt_close.o)
 .bss           0x0000000000005bf0        0x0 c:/Users/User/Desktop/Coursework-on-Verilog/software/cpu_bsp/\libhal_bsp.a(alt_dcache_flush_all.o)
 .bss           0x0000000000005bf0        0x0 c:/Users/User/Desktop/Coursework-on-Verilog/software/cpu_bsp/\libhal_bsp.a(alt_dev.o)
 .bss           0x0000000000005bf0        0x0 c:/Users/User/Desktop/Coursework-on-Verilog/software/cpu_bsp/\libhal_bsp.a(alt_do_ctors.o)
 .bss           0x0000000000005bf0        0x0 c:/Users/User/Desktop/Coursework-on-Verilog/software/cpu_bsp/\libhal_bsp.a(alt_do_dtors.o)
 .bss           0x0000000000005bf0        0x0 c:/Users/User/Desktop/Coursework-on-Verilog/software/cpu_bsp/\libhal_bsp.a(alt_errno.o)
 .bss           0x0000000000005bf0        0x0 c:/Users/User/Desktop/Coursework-on-Verilog/software/cpu_bsp/\libhal_bsp.a(alt_icache_flush_all.o)
 .bss           0x0000000000005bf0        0x0 c:/Users/User/Desktop/Coursework-on-Verilog/software/cpu_bsp/\libhal_bsp.a(alt_release_fd.o)
 .bss           0x0000000000005bf0        0x0 c:/Users/User/Desktop/Coursework-on-Verilog/software/cpu_bsp/\libhal_bsp.a(altera_nios2_gen2_irq.o)
 .bss           0x0000000000005bf0        0x0 d:/intelfpga_lite/20.1/nios2eds/bin/gnu/h-x86_64-mingw32/bin/../lib/gcc/nios2-elf/10.1.1/../../../../../H-x86_64-mingw32/nios2-elf/lib/mno-hw-mul\libc.a(lib_a-atexit.o)
 .bss           0x0000000000005bf0        0x0 d:/intelfpga_lite/20.1/nios2eds/bin/gnu/h-x86_64-mingw32/bin/../lib/gcc/nios2-elf/10.1.1/../../../../../H-x86_64-mingw32/nios2-elf/lib/mno-hw-mul\libc.a(lib_a-exit.o)
 .bss           0x0000000000005bf0        0x0 d:/intelfpga_lite/20.1/nios2eds/bin/gnu/h-x86_64-mingw32/bin/../lib/gcc/nios2-elf/10.1.1/../../../../../H-x86_64-mingw32/nios2-elf/lib/mno-hw-mul\libc.a(lib_a-int_errno.o)
 .bss           0x0000000000005bf0        0x0 d:/intelfpga_lite/20.1/nios2eds/bin/gnu/h-x86_64-mingw32/bin/../lib/gcc/nios2-elf/10.1.1/../../../../../H-x86_64-mingw32/nios2-elf/lib/mno-hw-mul\libc.a(lib_a-__atexit.o)
 .bss           0x0000000000005bf0        0x0 d:/intelfpga_lite/20.1/nios2eds/bin/gnu/h-x86_64-mingw32/bin/../lib/gcc/nios2-elf/10.1.1/../../../../../H-x86_64-mingw32/nios2-elf/lib/mno-hw-mul\libc.a(lib_a-__call_atexit.o)
 .bss           0x0000000000005bf0        0x0 c:/Users/User/Desktop/Coursework-on-Verilog/software/cpu_bsp/\libhal_bsp.a(alt_exit.o)
 *(COMMON)
                0x0000000000005bf0                . = ALIGN (0x4)
                0x0000000000005bf0                __bss_end = ABSOLUTE (.)

.onchip_memory2_0
                0x0000000000005bf0        0x0
                [!provide]                        PROVIDE (_alt_partition_onchip_memory2_0_start = ABSOLUTE (.))
 *(.onchip_memory2_0 .onchip_memory2_0. onchip_memory2_0.*)
                0x0000000000005bf0                . = ALIGN (0x4)
                [!provide]                        PROVIDE (_alt_partition_onchip_memory2_0_end = ABSOLUTE (.))
                0x0000000000005bf0                _end = ABSOLUTE (.)
                0x0000000000005bf0                end = ABSOLUTE (.)
                0x0000000000005bf0                __alt_stack_base = ABSOLUTE (.)
                [!provide]                        PROVIDE (_alt_partition_onchip_memory2_0_load_addr = LOADADDR (.onchip_memory2_0))

.stab
 *(.stab)

.stabstr
 *(.stabstr)

.stab.excl
 *(.stab.excl)

.stab.exclstr
 *(.stab.exclstr)

.stab.index
 *(.stab.index)

.stab.indexstr
 *(.stab.indexstr)

.comment        0x0000000000000000       0x2d
 *(.comment)
 .comment       0x0000000000000000       0x2d obj/default/main.o
                                         0x2e (size before relaxing)
 .comment       0x000000000000002d       0x2e d:/intelfpga_lite/20.1/nios2eds/bin/gnu/h-x86_64-mingw32/bin/../lib/gcc/nios2-elf/10.1.1/mno-hw-mul\libgcc.a(lib2-divmod.o)
 .comment       0x000000000000002d       0x2e d:/intelfpga_lite/20.1/nios2eds/bin/gnu/h-x86_64-mingw32/bin/../lib/gcc/nios2-elf/10.1.1/../../../../../H-x86_64-mingw32/nios2-elf/lib/mno-hw-mul\libc.a(lib_a-rand.o)
 .comment       0x000000000000002d       0x2e d:/intelfpga_lite/20.1/nios2eds/bin/gnu/h-x86_64-mingw32/bin/../lib/gcc/nios2-elf/10.1.1/../../../../../H-x86_64-mingw32/nios2-elf/lib/mno-hw-mul\libc.a(lib_a-impure.o)
 .comment       0x000000000000002d       0x2e d:/intelfpga_lite/20.1/nios2eds/bin/gnu/h-x86_64-mingw32/bin/../lib/gcc/nios2-elf/10.1.1/mno-hw-mul\libgcc.a(_muldi3.o)
 .comment       0x000000000000002d       0x2e d:/intelfpga_lite/20.1/nios2eds/bin/gnu/h-x86_64-mingw32/bin/../lib/gcc/nios2-elf/10.1.1/mno-hw-mul\libgcc.a(lib2-mul.o)
 .comment       0x000000000000002d       0x2e c:/Users/User/Desktop/Coursework-on-Verilog/software/cpu_bsp/\libhal_bsp.a(alt_load.o)
 .comment       0x000000000000002d       0x2e c:/Users/User/Desktop/Coursework-on-Verilog/software/cpu_bsp/\libhal_bsp.a(alt_main.o)
 .comment       0x000000000000002d       0x2e c:/Users/User/Desktop/Coursework-on-Verilog/software/cpu_bsp/\libhal_bsp.a(alt_sys_init.o)
 .comment       0x000000000000002d       0x2e c:/Users/User/Desktop/Coursework-on-Verilog/software/cpu_bsp/\libhal_bsp.a(alt_close.o)
 .comment       0x000000000000002d       0x2e c:/Users/User/Desktop/Coursework-on-Verilog/software/cpu_bsp/\libhal_bsp.a(alt_dcache_flush_all.o)
 .comment       0x000000000000002d       0x2e c:/Users/User/Desktop/Coursework-on-Verilog/software/cpu_bsp/\libhal_bsp.a(alt_dev.o)
 .comment       0x000000000000002d       0x2e c:/Users/User/Desktop/Coursework-on-Verilog/software/cpu_bsp/\libhal_bsp.a(alt_do_ctors.o)
 .comment       0x000000000000002d       0x2e c:/Users/User/Desktop/Coursework-on-Verilog/software/cpu_bsp/\libhal_bsp.a(alt_do_dtors.o)
 .comment       0x000000000000002d       0x2e c:/Users/User/Desktop/Coursework-on-Verilog/software/cpu_bsp/\libhal_bsp.a(alt_errno.o)
 .comment       0x000000000000002d       0x2e c:/Users/User/Desktop/Coursework-on-Verilog/software/cpu_bsp/\libhal_bsp.a(alt_icache_flush_all.o)
 .comment       0x000000000000002d       0x2e c:/Users/User/Desktop/Coursework-on-Verilog/software/cpu_bsp/\libhal_bsp.a(alt_release_fd.o)
 .comment       0x000000000000002d       0x2e c:/Users/User/Desktop/Coursework-on-Verilog/software/cpu_bsp/\libhal_bsp.a(altera_nios2_gen2_irq.o)
 .comment       0x000000000000002d       0x2e d:/intelfpga_lite/20.1/nios2eds/bin/gnu/h-x86_64-mingw32/bin/../lib/gcc/nios2-elf/10.1.1/../../../../../H-x86_64-mingw32/nios2-elf/lib/mno-hw-mul\libc.a(lib_a-atexit.o)
 .comment       0x000000000000002d       0x2e d:/intelfpga_lite/20.1/nios2eds/bin/gnu/h-x86_64-mingw32/bin/../lib/gcc/nios2-elf/10.1.1/../../../../../H-x86_64-mingw32/nios2-elf/lib/mno-hw-mul\libc.a(lib_a-exit.o)
 .comment       0x000000000000002d       0x2e d:/intelfpga_lite/20.1/nios2eds/bin/gnu/h-x86_64-mingw32/bin/../lib/gcc/nios2-elf/10.1.1/../../../../../H-x86_64-mingw32/nios2-elf/lib/mno-hw-mul\libc.a(lib_a-int_errno.o)
 .comment       0x000000000000002d       0x2e d:/intelfpga_lite/20.1/nios2eds/bin/gnu/h-x86_64-mingw32/bin/../lib/gcc/nios2-elf/10.1.1/../../../../../H-x86_64-mingw32/nios2-elf/lib/mno-hw-mul\libc.a(lib_a-__atexit.o)
 .comment       0x000000000000002d       0x2e d:/intelfpga_lite/20.1/nios2eds/bin/gnu/h-x86_64-mingw32/bin/../lib/gcc/nios2-elf/10.1.1/../../../../../H-x86_64-mingw32/nios2-elf/lib/mno-hw-mul\libc.a(lib_a-__call_atexit.o)
 .comment       0x000000000000002d       0x2e c:/Users/User/Desktop/Coursework-on-Verilog/software/cpu_bsp/\libhal_bsp.a(alt_exit.o)

.debug
 *(.debug)

.line
 *(.line)

.debug_srcinfo
 *(.debug_srcinfo)

.debug_sfnames
 *(.debug_sfnames)

.debug_aranges  0x0000000000000000      0x318
 *(.debug_aranges)
 .debug_aranges
                0x0000000000000000       0x28 c:/Users/User/Desktop/Coursework-on-Verilog/software/cpu_bsp//obj/HAL/src/crt0.o
 .debug_aranges
                0x0000000000000028       0x20 obj/default/main.o
 .debug_aranges
                0x0000000000000048       0x20 d:/intelfpga_lite/20.1/nios2eds/bin/gnu/h-x86_64-mingw32/bin/../lib/gcc/nios2-elf/10.1.1/mno-hw-mul\libgcc.a(lib2-divmod.o)
 .debug_aranges
                0x0000000000000068       0x28 d:/intelfpga_lite/20.1/nios2eds/bin/gnu/h-x86_64-mingw32/bin/../lib/gcc/nios2-elf/10.1.1/../../../../../H-x86_64-mingw32/nios2-elf/lib/mno-hw-mul\libc.a(lib_a-rand.o)
 .debug_aranges
                0x0000000000000090       0x18 d:/intelfpga_lite/20.1/nios2eds/bin/gnu/h-x86_64-mingw32/bin/../lib/gcc/nios2-elf/10.1.1/../../../../../H-x86_64-mingw32/nios2-elf/lib/mno-hw-mul\libc.a(lib_a-impure.o)
 .debug_aranges
                0x00000000000000a8       0x20 d:/intelfpga_lite/20.1/nios2eds/bin/gnu/h-x86_64-mingw32/bin/../lib/gcc/nios2-elf/10.1.1/mno-hw-mul\libgcc.a(_muldi3.o)
 .debug_aranges
                0x00000000000000c8       0x20 d:/intelfpga_lite/20.1/nios2eds/bin/gnu/h-x86_64-mingw32/bin/../lib/gcc/nios2-elf/10.1.1/mno-hw-mul\libgcc.a(lib2-mul.o)
 .debug_aranges
                0x00000000000000e8       0x20 c:/Users/User/Desktop/Coursework-on-Verilog/software/cpu_bsp/\libhal_bsp.a(alt_load.o)
 .debug_aranges
                0x0000000000000108       0x20 c:/Users/User/Desktop/Coursework-on-Verilog/software/cpu_bsp/\libhal_bsp.a(alt_main.o)
 .debug_aranges
                0x0000000000000128       0x20 c:/Users/User/Desktop/Coursework-on-Verilog/software/cpu_bsp/\libhal_bsp.a(alt_sys_init.o)
 .debug_aranges
                0x0000000000000148       0x20 c:/Users/User/Desktop/Coursework-on-Verilog/software/cpu_bsp/\libhal_bsp.a(alt_close.o)
 .debug_aranges
                0x0000000000000168       0x20 c:/Users/User/Desktop/Coursework-on-Verilog/software/cpu_bsp/\libhal_bsp.a(alt_dcache_flush_all.o)
 .debug_aranges
                0x0000000000000188       0x20 c:/Users/User/Desktop/Coursework-on-Verilog/software/cpu_bsp/\libhal_bsp.a(alt_dev.o)
 .debug_aranges
                0x00000000000001a8       0x20 c:/Users/User/Desktop/Coursework-on-Verilog/software/cpu_bsp/\libhal_bsp.a(alt_do_ctors.o)
 .debug_aranges
                0x00000000000001c8       0x20 c:/Users/User/Desktop/Coursework-on-Verilog/software/cpu_bsp/\libhal_bsp.a(alt_do_dtors.o)
 .debug_aranges
                0x00000000000001e8       0x18 c:/Users/User/Desktop/Coursework-on-Verilog/software/cpu_bsp/\libhal_bsp.a(alt_errno.o)
 .debug_aranges
                0x0000000000000200       0x20 c:/Users/User/Desktop/Coursework-on-Verilog/software/cpu_bsp/\libhal_bsp.a(alt_icache_flush_all.o)
 .debug_aranges
                0x0000000000000220       0x20 c:/Users/User/Desktop/Coursework-on-Verilog/software/cpu_bsp/\libhal_bsp.a(alt_release_fd.o)
 .debug_aranges
                0x0000000000000240       0x20 c:/Users/User/Desktop/Coursework-on-Verilog/software/cpu_bsp/\libhal_bsp.a(altera_nios2_gen2_irq.o)
 .debug_aranges
                0x0000000000000260       0x20 d:/intelfpga_lite/20.1/nios2eds/bin/gnu/h-x86_64-mingw32/bin/../lib/gcc/nios2-elf/10.1.1/../../../../../H-x86_64-mingw32/nios2-elf/lib/mno-hw-mul\libc.a(lib_a-atexit.o)
 .debug_aranges
                0x0000000000000280       0x20 d:/intelfpga_lite/20.1/nios2eds/bin/gnu/h-x86_64-mingw32/bin/../lib/gcc/nios2-elf/10.1.1/../../../../../H-x86_64-mingw32/nios2-elf/lib/mno-hw-mul\libc.a(lib_a-exit.o)
 .debug_aranges
                0x00000000000002a0       0x18 d:/intelfpga_lite/20.1/nios2eds/bin/gnu/h-x86_64-mingw32/bin/../lib/gcc/nios2-elf/10.1.1/../../../../../H-x86_64-mingw32/nios2-elf/lib/mno-hw-mul\libc.a(lib_a-int_errno.o)
 .debug_aranges
                0x00000000000002b8       0x20 d:/intelfpga_lite/20.1/nios2eds/bin/gnu/h-x86_64-mingw32/bin/../lib/gcc/nios2-elf/10.1.1/../../../../../H-x86_64-mingw32/nios2-elf/lib/mno-hw-mul\libc.a(lib_a-__atexit.o)
 .debug_aranges
                0x00000000000002d8       0x20 d:/intelfpga_lite/20.1/nios2eds/bin/gnu/h-x86_64-mingw32/bin/../lib/gcc/nios2-elf/10.1.1/../../../../../H-x86_64-mingw32/nios2-elf/lib/mno-hw-mul\libc.a(lib_a-__call_atexit.o)
 .debug_aranges
                0x00000000000002f8       0x20 c:/Users/User/Desktop/Coursework-on-Verilog/software/cpu_bsp/\libhal_bsp.a(alt_exit.o)

.debug_pubnames
 *(.debug_pubnames)

.debug_info     0x0000000000000000     0x4ccb
 *(.debug_info .gnu.linkonce.wi.*)
 .debug_info    0x0000000000000000       0x22 c:/Users/User/Desktop/Coursework-on-Verilog/software/cpu_bsp//obj/HAL/src/crt0.o
 .debug_info    0x0000000000000022      0x220 obj/default/main.o
 .debug_info    0x0000000000000242      0x368 d:/intelfpga_lite/20.1/nios2eds/bin/gnu/h-x86_64-mingw32/bin/../lib/gcc/nios2-elf/10.1.1/mno-hw-mul\libgcc.a(lib2-divmod.o)
 .debug_info    0x00000000000005aa      0x971 d:/intelfpga_lite/20.1/nios2eds/bin/gnu/h-x86_64-mingw32/bin/../lib/gcc/nios2-elf/10.1.1/../../../../../H-x86_64-mingw32/nios2-elf/lib/mno-hw-mul\libc.a(lib_a-rand.o)
 .debug_info    0x0000000000000f1b      0x931 d:/intelfpga_lite/20.1/nios2eds/bin/gnu/h-x86_64-mingw32/bin/../lib/gcc/nios2-elf/10.1.1/../../../../../H-x86_64-mingw32/nios2-elf/lib/mno-hw-mul\libc.a(lib_a-impure.o)
 .debug_info    0x000000000000184c      0x274 d:/intelfpga_lite/20.1/nios2eds/bin/gnu/h-x86_64-mingw32/bin/../lib/gcc/nios2-elf/10.1.1/mno-hw-mul\libgcc.a(_muldi3.o)
 .debug_info    0x0000000000001ac0       0xcb d:/intelfpga_lite/20.1/nios2eds/bin/gnu/h-x86_64-mingw32/bin/../lib/gcc/nios2-elf/10.1.1/mno-hw-mul\libgcc.a(lib2-mul.o)
 .debug_info    0x0000000000001b8b      0x14d c:/Users/User/Desktop/Coursework-on-Verilog/software/cpu_bsp/\libhal_bsp.a(alt_load.o)
 .debug_info    0x0000000000001cd8       0xef c:/Users/User/Desktop/Coursework-on-Verilog/software/cpu_bsp/\libhal_bsp.a(alt_main.o)
 .debug_info    0x0000000000001dc7       0xd2 c:/Users/User/Desktop/Coursework-on-Verilog/software/cpu_bsp/\libhal_bsp.a(alt_sys_init.o)
 .debug_info    0x0000000000001e99      0x32c c:/Users/User/Desktop/Coursework-on-Verilog/software/cpu_bsp/\libhal_bsp.a(alt_close.o)
 .debug_info    0x00000000000021c5       0x8c c:/Users/User/Desktop/Coursework-on-Verilog/software/cpu_bsp/\libhal_bsp.a(alt_dcache_flush_all.o)
 .debug_info    0x0000000000002251      0x57d c:/Users/User/Desktop/Coursework-on-Verilog/software/cpu_bsp/\libhal_bsp.a(alt_dev.o)
 .debug_info    0x00000000000027ce       0x88 c:/Users/User/Desktop/Coursework-on-Verilog/software/cpu_bsp/\libhal_bsp.a(alt_do_ctors.o)
 .debug_info    0x0000000000002856       0x88 c:/Users/User/Desktop/Coursework-on-Verilog/software/cpu_bsp/\libhal_bsp.a(alt_do_dtors.o)
 .debug_info    0x00000000000028de       0x9d c:/Users/User/Desktop/Coursework-on-Verilog/software/cpu_bsp/\libhal_bsp.a(alt_errno.o)
 .debug_info    0x000000000000297b       0x8c c:/Users/User/Desktop/Coursework-on-Verilog/software/cpu_bsp/\libhal_bsp.a(alt_icache_flush_all.o)
 .debug_info    0x0000000000002a07      0x2b9 c:/Users/User/Desktop/Coursework-on-Verilog/software/cpu_bsp/\libhal_bsp.a(alt_release_fd.o)
 .debug_info    0x0000000000002cc0       0x8c c:/Users/User/Desktop/Coursework-on-Verilog/software/cpu_bsp/\libhal_bsp.a(altera_nios2_gen2_irq.o)
 .debug_info    0x0000000000002d4c      0x100 d:/intelfpga_lite/20.1/nios2eds/bin/gnu/h-x86_64-mingw32/bin/../lib/gcc/nios2-elf/10.1.1/../../../../../H-x86_64-mingw32/nios2-elf/lib/mno-hw-mul\libc.a(lib_a-atexit.o)
 .debug_info    0x0000000000002e4c      0x970 d:/intelfpga_lite/20.1/nios2eds/bin/gnu/h-x86_64-mingw32/bin/../lib/gcc/nios2-elf/10.1.1/../../../../../H-x86_64-mingw32/nios2-elf/lib/mno-hw-mul\libc.a(lib_a-exit.o)
 .debug_info    0x00000000000037bc       0x84 d:/intelfpga_lite/20.1/nios2eds/bin/gnu/h-x86_64-mingw32/bin/../lib/gcc/nios2-elf/10.1.1/../../../../../H-x86_64-mingw32/nios2-elf/lib/mno-hw-mul\libc.a(lib_a-int_errno.o)
 .debug_info    0x0000000000003840      0x9b1 d:/intelfpga_lite/20.1/nios2eds/bin/gnu/h-x86_64-mingw32/bin/../lib/gcc/nios2-elf/10.1.1/../../../../../H-x86_64-mingw32/nios2-elf/lib/mno-hw-mul\libc.a(lib_a-__atexit.o)
 .debug_info    0x00000000000041f1      0x9f9 d:/intelfpga_lite/20.1/nios2eds/bin/gnu/h-x86_64-mingw32/bin/../lib/gcc/nios2-elf/10.1.1/../../../../../H-x86_64-mingw32/nios2-elf/lib/mno-hw-mul\libc.a(lib_a-__call_atexit.o)
 .debug_info    0x0000000000004bea       0xe1 c:/Users/User/Desktop/Coursework-on-Verilog/software/cpu_bsp/\libhal_bsp.a(alt_exit.o)

.debug_abbrev   0x0000000000000000     0x170d
 *(.debug_abbrev)
 .debug_abbrev  0x0000000000000000       0x12 c:/Users/User/Desktop/Coursework-on-Verilog/software/cpu_bsp//obj/HAL/src/crt0.o
 .debug_abbrev  0x0000000000000012       0xcc obj/default/main.o
 .debug_abbrev  0x00000000000000de      0x103 d:/intelfpga_lite/20.1/nios2eds/bin/gnu/h-x86_64-mingw32/bin/../lib/gcc/nios2-elf/10.1.1/mno-hw-mul\libgcc.a(lib2-divmod.o)
 .debug_abbrev  0x00000000000001e1      0x239 d:/intelfpga_lite/20.1/nios2eds/bin/gnu/h-x86_64-mingw32/bin/../lib/gcc/nios2-elf/10.1.1/../../../../../H-x86_64-mingw32/nios2-elf/lib/mno-hw-mul\libc.a(lib_a-rand.o)
 .debug_abbrev  0x000000000000041a      0x1c9 d:/intelfpga_lite/20.1/nios2eds/bin/gnu/h-x86_64-mingw32/bin/../lib/gcc/nios2-elf/10.1.1/../../../../../H-x86_64-mingw32/nios2-elf/lib/mno-hw-mul\libc.a(lib_a-impure.o)
 .debug_abbrev  0x00000000000005e3      0x11d d:/intelfpga_lite/20.1/nios2eds/bin/gnu/h-x86_64-mingw32/bin/../lib/gcc/nios2-elf/10.1.1/mno-hw-mul\libgcc.a(_muldi3.o)
 .debug_abbrev  0x0000000000000700       0x7d d:/intelfpga_lite/20.1/nios2eds/bin/gnu/h-x86_64-mingw32/bin/../lib/gcc/nios2-elf/10.1.1/mno-hw-mul\libgcc.a(lib2-mul.o)
 .debug_abbrev  0x000000000000077d       0xab c:/Users/User/Desktop/Coursework-on-Verilog/software/cpu_bsp/\libhal_bsp.a(alt_load.o)
 .debug_abbrev  0x0000000000000828       0x86 c:/Users/User/Desktop/Coursework-on-Verilog/software/cpu_bsp/\libhal_bsp.a(alt_main.o)
 .debug_abbrev  0x00000000000008ae       0xa1 c:/Users/User/Desktop/Coursework-on-Verilog/software/cpu_bsp/\libhal_bsp.a(alt_sys_init.o)
 .debug_abbrev  0x000000000000094f      0x133 c:/Users/User/Desktop/Coursework-on-Verilog/software/cpu_bsp/\libhal_bsp.a(alt_close.o)
 .debug_abbrev  0x0000000000000a82       0x44 c:/Users/User/Desktop/Coursework-on-Verilog/software/cpu_bsp/\libhal_bsp.a(alt_dcache_flush_all.o)
 .debug_abbrev  0x0000000000000ac6      0x117 c:/Users/User/Desktop/Coursework-on-Verilog/software/cpu_bsp/\libhal_bsp.a(alt_dev.o)
 .debug_abbrev  0x0000000000000bdd       0x81 c:/Users/User/Desktop/Coursework-on-Verilog/software/cpu_bsp/\libhal_bsp.a(alt_do_ctors.o)
 .debug_abbrev  0x0000000000000c5e       0x81 c:/Users/User/Desktop/Coursework-on-Verilog/software/cpu_bsp/\libhal_bsp.a(alt_do_dtors.o)
 .debug_abbrev  0x0000000000000cdf       0x5a c:/Users/User/Desktop/Coursework-on-Verilog/software/cpu_bsp/\libhal_bsp.a(alt_errno.o)
 .debug_abbrev  0x0000000000000d39       0x44 c:/Users/User/Desktop/Coursework-on-Verilog/software/cpu_bsp/\libhal_bsp.a(alt_icache_flush_all.o)
 .debug_abbrev  0x0000000000000d7d       0xea c:/Users/User/Desktop/Coursework-on-Verilog/software/cpu_bsp/\libhal_bsp.a(alt_release_fd.o)
 .debug_abbrev  0x0000000000000e67       0x44 c:/Users/User/Desktop/Coursework-on-Verilog/software/cpu_bsp/\libhal_bsp.a(altera_nios2_gen2_irq.o)
 .debug_abbrev  0x0000000000000eab       0xb7 d:/intelfpga_lite/20.1/nios2eds/bin/gnu/h-x86_64-mingw32/bin/../lib/gcc/nios2-elf/10.1.1/../../../../../H-x86_64-mingw32/nios2-elf/lib/mno-hw-mul\libc.a(lib_a-atexit.o)
 .debug_abbrev  0x0000000000000f62      0x21d d:/intelfpga_lite/20.1/nios2eds/bin/gnu/h-x86_64-mingw32/bin/../lib/gcc/nios2-elf/10.1.1/../../../../../H-x86_64-mingw32/nios2-elf/lib/mno-hw-mul\libc.a(lib_a-exit.o)
 .debug_abbrev  0x000000000000117f       0x39 d:/intelfpga_lite/20.1/nios2eds/bin/gnu/h-x86_64-mingw32/bin/../lib/gcc/nios2-elf/10.1.1/../../../../../H-x86_64-mingw32/nios2-elf/lib/mno-hw-mul\libc.a(lib_a-int_errno.o)
 .debug_abbrev  0x00000000000011b8      0x250 d:/intelfpga_lite/20.1/nios2eds/bin/gnu/h-x86_64-mingw32/bin/../lib/gcc/nios2-elf/10.1.1/../../../../../H-x86_64-mingw32/nios2-elf/lib/mno-hw-mul\libc.a(lib_a-__atexit.o)
 .debug_abbrev  0x0000000000001408      0x259 d:/intelfpga_lite/20.1/nios2eds/bin/gnu/h-x86_64-mingw32/bin/../lib/gcc/nios2-elf/10.1.1/../../../../../H-x86_64-mingw32/nios2-elf/lib/mno-hw-mul\libc.a(lib_a-__call_atexit.o)
 .debug_abbrev  0x0000000000001661       0xac c:/Users/User/Desktop/Coursework-on-Verilog/software/cpu_bsp/\libhal_bsp.a(alt_exit.o)

.debug_line     0x0000000000000000     0x1cbe
 *(.debug_line)
 .debug_line    0x0000000000000000       0x66 c:/Users/User/Desktop/Coursework-on-Verilog/software/cpu_bsp//obj/HAL/src/crt0.o
 .debug_line    0x0000000000000066      0x343 obj/default/main.o
 .debug_line    0x00000000000003a9      0x306 d:/intelfpga_lite/20.1/nios2eds/bin/gnu/h-x86_64-mingw32/bin/../lib/gcc/nios2-elf/10.1.1/mno-hw-mul\libgcc.a(lib2-divmod.o)
 .debug_line    0x00000000000006af      0x248 d:/intelfpga_lite/20.1/nios2eds/bin/gnu/h-x86_64-mingw32/bin/../lib/gcc/nios2-elf/10.1.1/../../../../../H-x86_64-mingw32/nios2-elf/lib/mno-hw-mul\libc.a(lib_a-rand.o)
 .debug_line    0x00000000000008f7      0x167 d:/intelfpga_lite/20.1/nios2eds/bin/gnu/h-x86_64-mingw32/bin/../lib/gcc/nios2-elf/10.1.1/../../../../../H-x86_64-mingw32/nios2-elf/lib/mno-hw-mul\libc.a(lib_a-impure.o)
 .debug_line    0x0000000000000a5e      0x135 d:/intelfpga_lite/20.1/nios2eds/bin/gnu/h-x86_64-mingw32/bin/../lib/gcc/nios2-elf/10.1.1/mno-hw-mul\libgcc.a(_muldi3.o)
 .debug_line    0x0000000000000b93       0xb7 d:/intelfpga_lite/20.1/nios2eds/bin/gnu/h-x86_64-mingw32/bin/../lib/gcc/nios2-elf/10.1.1/mno-hw-mul\libgcc.a(lib2-mul.o)
 .debug_line    0x0000000000000c4a       0xa6 c:/Users/User/Desktop/Coursework-on-Verilog/software/cpu_bsp/\libhal_bsp.a(alt_load.o)
 .debug_line    0x0000000000000cf0       0x7d c:/Users/User/Desktop/Coursework-on-Verilog/software/cpu_bsp/\libhal_bsp.a(alt_main.o)
 .debug_line    0x0000000000000d6d       0x72 c:/Users/User/Desktop/Coursework-on-Verilog/software/cpu_bsp/\libhal_bsp.a(alt_sys_init.o)
 .debug_line    0x0000000000000ddf      0x1ad c:/Users/User/Desktop/Coursework-on-Verilog/software/cpu_bsp/\libhal_bsp.a(alt_close.o)
 .debug_line    0x0000000000000f8c       0x53 c:/Users/User/Desktop/Coursework-on-Verilog/software/cpu_bsp/\libhal_bsp.a(alt_dcache_flush_all.o)
 .debug_line    0x0000000000000fdf      0x19f c:/Users/User/Desktop/Coursework-on-Verilog/software/cpu_bsp/\libhal_bsp.a(alt_dev.o)
 .debug_line    0x000000000000117e       0x66 c:/Users/User/Desktop/Coursework-on-Verilog/software/cpu_bsp/\libhal_bsp.a(alt_do_ctors.o)
 .debug_line    0x00000000000011e4       0x66 c:/Users/User/Desktop/Coursework-on-Verilog/software/cpu_bsp/\libhal_bsp.a(alt_do_dtors.o)
 .debug_line    0x000000000000124a       0x51 c:/Users/User/Desktop/Coursework-on-Verilog/software/cpu_bsp/\libhal_bsp.a(alt_errno.o)
 .debug_line    0x000000000000129b       0x51 c:/Users/User/Desktop/Coursework-on-Verilog/software/cpu_bsp/\libhal_bsp.a(alt_icache_flush_all.o)
 .debug_line    0x00000000000012ec       0xb6 c:/Users/User/Desktop/Coursework-on-Verilog/software/cpu_bsp/\libhal_bsp.a(alt_release_fd.o)
 .debug_line    0x00000000000013a2       0x57 c:/Users/User/Desktop/Coursework-on-Verilog/software/cpu_bsp/\libhal_bsp.a(altera_nios2_gen2_irq.o)
 .debug_line    0x00000000000013f9       0xf7 d:/intelfpga_lite/20.1/nios2eds/bin/gnu/h-x86_64-mingw32/bin/../lib/gcc/nios2-elf/10.1.1/../../../../../H-x86_64-mingw32/nios2-elf/lib/mno-hw-mul\libc.a(lib_a-atexit.o)
 .debug_line    0x00000000000014f0      0x22a d:/intelfpga_lite/20.1/nios2eds/bin/gnu/h-x86_64-mingw32/bin/../lib/gcc/nios2-elf/10.1.1/../../../../../H-x86_64-mingw32/nios2-elf/lib/mno-hw-mul\libc.a(lib_a-exit.o)
 .debug_line    0x000000000000171a       0x61 d:/intelfpga_lite/20.1/nios2eds/bin/gnu/h-x86_64-mingw32/bin/../lib/gcc/nios2-elf/10.1.1/../../../../../H-x86_64-mingw32/nios2-elf/lib/mno-hw-mul\libc.a(lib_a-int_errno.o)
 .debug_line    0x000000000000177b      0x21b d:/intelfpga_lite/20.1/nios2eds/bin/gnu/h-x86_64-mingw32/bin/../lib/gcc/nios2-elf/10.1.1/../../../../../H-x86_64-mingw32/nios2-elf/lib/mno-hw-mul\libc.a(lib_a-__atexit.o)
 .debug_line    0x0000000000001996      0x2a3 d:/intelfpga_lite/20.1/nios2eds/bin/gnu/h-x86_64-mingw32/bin/../lib/gcc/nios2-elf/10.1.1/../../../../../H-x86_64-mingw32/nios2-elf/lib/mno-hw-mul\libc.a(lib_a-__call_atexit.o)
 .debug_line    0x0000000000001c39       0x85 c:/Users/User/Desktop/Coursework-on-Verilog/software/cpu_bsp/\libhal_bsp.a(alt_exit.o)

.debug_frame    0x0000000000000000      0x4d4
 *(.debug_frame)
 .debug_frame   0x0000000000000000       0x30 obj/default/main.o
 .debug_frame   0x0000000000000030       0x50 d:/intelfpga_lite/20.1/nios2eds/bin/gnu/h-x86_64-mingw32/bin/../lib/gcc/nios2-elf/10.1.1/mno-hw-mul\libgcc.a(lib2-divmod.o)
 .debug_frame   0x0000000000000080       0x44 d:/intelfpga_lite/20.1/nios2eds/bin/gnu/h-x86_64-mingw32/bin/../lib/gcc/nios2-elf/10.1.1/../../../../../H-x86_64-mingw32/nios2-elf/lib/mno-hw-mul\libc.a(lib_a-rand.o)
 .debug_frame   0x00000000000000c4       0x50 d:/intelfpga_lite/20.1/nios2eds/bin/gnu/h-x86_64-mingw32/bin/../lib/gcc/nios2-elf/10.1.1/mno-hw-mul\libgcc.a(_muldi3.o)
 .debug_frame   0x0000000000000114       0x20 d:/intelfpga_lite/20.1/nios2eds/bin/gnu/h-x86_64-mingw32/bin/../lib/gcc/nios2-elf/10.1.1/mno-hw-mul\libgcc.a(lib2-mul.o)
 .debug_frame   0x0000000000000134       0x5c c:/Users/User/Desktop/Coursework-on-Verilog/software/cpu_bsp/\libhal_bsp.a(alt_load.o)
 .debug_frame   0x0000000000000190       0x2c c:/Users/User/Desktop/Coursework-on-Verilog/software/cpu_bsp/\libhal_bsp.a(alt_main.o)
 .debug_frame   0x00000000000001bc       0x5c c:/Users/User/Desktop/Coursework-on-Verilog/software/cpu_bsp/\libhal_bsp.a(alt_sys_init.o)
 .debug_frame   0x0000000000000218       0x60 c:/Users/User/Desktop/Coursework-on-Verilog/software/cpu_bsp/\libhal_bsp.a(alt_close.o)
 .debug_frame   0x0000000000000278       0x34 c:/Users/User/Desktop/Coursework-on-Verilog/software/cpu_bsp/\libhal_bsp.a(alt_dcache_flush_all.o)
 .debug_frame   0x00000000000002ac       0x34 c:/Users/User/Desktop/Coursework-on-Verilog/software/cpu_bsp/\libhal_bsp.a(alt_dev.o)
 .debug_frame   0x00000000000002e0       0x38 c:/Users/User/Desktop/Coursework-on-Verilog/software/cpu_bsp/\libhal_bsp.a(alt_do_ctors.o)
 .debug_frame   0x0000000000000318       0x38 c:/Users/User/Desktop/Coursework-on-Verilog/software/cpu_bsp/\libhal_bsp.a(alt_do_dtors.o)
 .debug_frame   0x0000000000000350       0x34 c:/Users/User/Desktop/Coursework-on-Verilog/software/cpu_bsp/\libhal_bsp.a(alt_icache_flush_all.o)
 .debug_frame   0x0000000000000384       0x34 c:/Users/User/Desktop/Coursework-on-Verilog/software/cpu_bsp/\libhal_bsp.a(alt_release_fd.o)
 .debug_frame   0x00000000000003b8       0x34 c:/Users/User/Desktop/Coursework-on-Verilog/software/cpu_bsp/\libhal_bsp.a(altera_nios2_gen2_irq.o)
 .debug_frame   0x00000000000003ec       0x20 d:/intelfpga_lite/20.1/nios2eds/bin/gnu/h-x86_64-mingw32/bin/../lib/gcc/nios2-elf/10.1.1/../../../../../H-x86_64-mingw32/nios2-elf/lib/mno-hw-mul\libc.a(lib_a-atexit.o)
 .debug_frame   0x000000000000040c       0x28 d:/intelfpga_lite/20.1/nios2eds/bin/gnu/h-x86_64-mingw32/bin/../lib/gcc/nios2-elf/10.1.1/../../../../../H-x86_64-mingw32/nios2-elf/lib/mno-hw-mul\libc.a(lib_a-exit.o)
 .debug_frame   0x0000000000000434       0x20 d:/intelfpga_lite/20.1/nios2eds/bin/gnu/h-x86_64-mingw32/bin/../lib/gcc/nios2-elf/10.1.1/../../../../../H-x86_64-mingw32/nios2-elf/lib/mno-hw-mul\libc.a(lib_a-__atexit.o)
 .debug_frame   0x0000000000000454       0x54 d:/intelfpga_lite/20.1/nios2eds/bin/gnu/h-x86_64-mingw32/bin/../lib/gcc/nios2-elf/10.1.1/../../../../../H-x86_64-mingw32/nios2-elf/lib/mno-hw-mul\libc.a(lib_a-__call_atexit.o)
 .debug_frame   0x00000000000004a8       0x2c c:/Users/User/Desktop/Coursework-on-Verilog/software/cpu_bsp/\libhal_bsp.a(alt_exit.o)

.debug_str      0x0000000000000000     0x109c
 *(.debug_str)
 .debug_str     0x0000000000000000       0x5b c:/Users/User/Desktop/Coursework-on-Verilog/software/cpu_bsp//obj/HAL/src/crt0.o
 .debug_str     0x000000000000005b      0x13e obj/default/main.o
                                        0x183 (size before relaxing)
 .debug_str     0x0000000000000199      0x195 d:/intelfpga_lite/20.1/nios2eds/bin/gnu/h-x86_64-mingw32/bin/../lib/gcc/nios2-elf/10.1.1/mno-hw-mul\libgcc.a(lib2-divmod.o)
                                        0x1e0 (size before relaxing)
 .debug_str     0x000000000000032e      0x4c6 d:/intelfpga_lite/20.1/nios2eds/bin/gnu/h-x86_64-mingw32/bin/../lib/gcc/nios2-elf/10.1.1/../../../../../H-x86_64-mingw32/nios2-elf/lib/mno-hw-mul\libc.a(lib_a-rand.o)
                                        0x5b6 (size before relaxing)
 .debug_str     0x00000000000007f4       0xec d:/intelfpga_lite/20.1/nios2eds/bin/gnu/h-x86_64-mingw32/bin/../lib/gcc/nios2-elf/10.1.1/../../../../../H-x86_64-mingw32/nios2-elf/lib/mno-hw-mul\libc.a(lib_a-impure.o)
                                        0x5b6 (size before relaxing)
 .debug_str     0x00000000000008e0       0x97 d:/intelfpga_lite/20.1/nios2eds/bin/gnu/h-x86_64-mingw32/bin/../lib/gcc/nios2-elf/10.1.1/mno-hw-mul\libgcc.a(_muldi3.o)
                                        0x241 (size before relaxing)
 .debug_str     0x0000000000000977       0x3a d:/intelfpga_lite/20.1/nios2eds/bin/gnu/h-x86_64-mingw32/bin/../lib/gcc/nios2-elf/10.1.1/mno-hw-mul\libgcc.a(lib2-mul.o)
                                        0x1a1 (size before relaxing)
 .debug_str     0x00000000000009b1       0xf1 c:/Users/User/Desktop/Coursework-on-Verilog/software/cpu_bsp/\libhal_bsp.a(alt_load.o)
                                        0x216 (size before relaxing)
 .debug_str     0x0000000000000aa2       0x44 c:/Users/User/Desktop/Coursework-on-Verilog/software/cpu_bsp/\libhal_bsp.a(alt_main.o)
                                        0x170 (size before relaxing)
 .debug_str     0x0000000000000ae6       0x47 c:/Users/User/Desktop/Coursework-on-Verilog/software/cpu_bsp/\libhal_bsp.a(alt_sys_init.o)
                                        0x171 (size before relaxing)
 .debug_str     0x0000000000000b2d       0xaf c:/Users/User/Desktop/Coursework-on-Verilog/software/cpu_bsp/\libhal_bsp.a(alt_close.o)
                                        0x202 (size before relaxing)
 .debug_str     0x0000000000000bdc       0x34 c:/Users/User/Desktop/Coursework-on-Verilog/software/cpu_bsp/\libhal_bsp.a(alt_dcache_flush_all.o)
                                        0x159 (size before relaxing)
 .debug_str     0x0000000000000c10      0x15d c:/Users/User/Desktop/Coursework-on-Verilog/software/cpu_bsp/\libhal_bsp.a(alt_dev.o)
                                        0x368 (size before relaxing)
 .debug_str     0x0000000000000d6d       0x48 c:/Users/User/Desktop/Coursework-on-Verilog/software/cpu_bsp/\libhal_bsp.a(alt_do_ctors.o)
                                         0xdd (size before relaxing)
 .debug_str     0x0000000000000db5       0x4c c:/Users/User/Desktop/Coursework-on-Verilog/software/cpu_bsp/\libhal_bsp.a(alt_do_dtors.o)
                                         0xdc (size before relaxing)
 .debug_str     0x0000000000000e01       0x14 c:/Users/User/Desktop/Coursework-on-Verilog/software/cpu_bsp/\libhal_bsp.a(alt_errno.o)
                                        0x143 (size before relaxing)
 .debug_str     0x0000000000000e15       0x34 c:/Users/User/Desktop/Coursework-on-Verilog/software/cpu_bsp/\libhal_bsp.a(alt_icache_flush_all.o)
                                        0x159 (size before relaxing)
 .debug_str     0x0000000000000e49       0x28 c:/Users/User/Desktop/Coursework-on-Verilog/software/cpu_bsp/\libhal_bsp.a(alt_release_fd.o)
                                        0x1d3 (size before relaxing)
 .debug_str     0x0000000000000e71       0x3b c:/Users/User/Desktop/Coursework-on-Verilog/software/cpu_bsp/\libhal_bsp.a(altera_nios2_gen2_irq.o)
                                        0x160 (size before relaxing)
 .debug_str     0x0000000000000eac       0x83 d:/intelfpga_lite/20.1/nios2eds/bin/gnu/h-x86_64-mingw32/bin/../lib/gcc/nios2-elf/10.1.1/../../../../../H-x86_64-mingw32/nios2-elf/lib/mno-hw-mul\libc.a(lib_a-atexit.o)
                                        0x218 (size before relaxing)
 .debug_str     0x0000000000000f2f       0x54 d:/intelfpga_lite/20.1/nios2eds/bin/gnu/h-x86_64-mingw32/bin/../lib/gcc/nios2-elf/10.1.1/../../../../../H-x86_64-mingw32/nios2-elf/lib/mno-hw-mul\libc.a(lib_a-exit.o)
                                        0x5bf (size before relaxing)
 .debug_str     0x0000000000000f83       0x41 d:/intelfpga_lite/20.1/nios2eds/bin/gnu/h-x86_64-mingw32/bin/../lib/gcc/nios2-elf/10.1.1/../../../../../H-x86_64-mingw32/nios2-elf/lib/mno-hw-mul\libc.a(lib_a-int_errno.o)
                                        0x1d4 (size before relaxing)
 .debug_str     0x0000000000000fc4       0x41 d:/intelfpga_lite/20.1/nios2eds/bin/gnu/h-x86_64-mingw32/bin/../lib/gcc/nios2-elf/10.1.1/../../../../../H-x86_64-mingw32/nios2-elf/lib/mno-hw-mul\libc.a(lib_a-__atexit.o)
                                        0x5f0 (size before relaxing)
 .debug_str     0x0000000000001005       0x6d d:/intelfpga_lite/20.1/nios2eds/bin/gnu/h-x86_64-mingw32/bin/../lib/gcc/nios2-elf/10.1.1/../../../../../H-x86_64-mingw32/nios2-elf/lib/mno-hw-mul\libc.a(lib_a-__call_atexit.o)
                                        0x5e9 (size before relaxing)
 .debug_str     0x0000000000001072       0x2a c:/Users/User/Desktop/Coursework-on-Verilog/software/cpu_bsp/\libhal_bsp.a(alt_exit.o)
                                        0x155 (size before relaxing)

.debug_loc      0x0000000000000000      0xb8c
 *(.debug_loc)
 .debug_loc     0x0000000000000000      0x5d0 d:/intelfpga_lite/20.1/nios2eds/bin/gnu/h-x86_64-mingw32/bin/../lib/gcc/nios2-elf/10.1.1/mno-hw-mul\libgcc.a(lib2-divmod.o)
 .debug_loc     0x00000000000005d0       0x15 d:/intelfpga_lite/20.1/nios2eds/bin/gnu/h-x86_64-mingw32/bin/../lib/gcc/nios2-elf/10.1.1/../../../../../H-x86_64-mingw32/nios2-elf/lib/mno-hw-mul\libc.a(lib_a-rand.o)
 .debug_loc     0x00000000000005e5      0x1eb d:/intelfpga_lite/20.1/nios2eds/bin/gnu/h-x86_64-mingw32/bin/../lib/gcc/nios2-elf/10.1.1/mno-hw-mul\libgcc.a(_muldi3.o)
 .debug_loc     0x00000000000007d0       0xa7 d:/intelfpga_lite/20.1/nios2eds/bin/gnu/h-x86_64-mingw32/bin/../lib/gcc/nios2-elf/10.1.1/mno-hw-mul\libgcc.a(lib2-mul.o)
 .debug_loc     0x0000000000000877       0x32 d:/intelfpga_lite/20.1/nios2eds/bin/gnu/h-x86_64-mingw32/bin/../lib/gcc/nios2-elf/10.1.1/../../../../../H-x86_64-mingw32/nios2-elf/lib/mno-hw-mul\libc.a(lib_a-atexit.o)
 .debug_loc     0x00000000000008a9       0x22 d:/intelfpga_lite/20.1/nios2eds/bin/gnu/h-x86_64-mingw32/bin/../lib/gcc/nios2-elf/10.1.1/../../../../../H-x86_64-mingw32/nios2-elf/lib/mno-hw-mul\libc.a(lib_a-exit.o)
 .debug_loc     0x00000000000008cb       0xf7 d:/intelfpga_lite/20.1/nios2eds/bin/gnu/h-x86_64-mingw32/bin/../lib/gcc/nios2-elf/10.1.1/../../../../../H-x86_64-mingw32/nios2-elf/lib/mno-hw-mul\libc.a(lib_a-__atexit.o)
 .debug_loc     0x00000000000009c2      0x1ca d:/intelfpga_lite/20.1/nios2eds/bin/gnu/h-x86_64-mingw32/bin/../lib/gcc/nios2-elf/10.1.1/../../../../../H-x86_64-mingw32/nios2-elf/lib/mno-hw-mul\libc.a(lib_a-__call_atexit.o)

.debug_macinfo
 *(.debug_macinfo)

.debug_weaknames
 *(.debug_weaknames)

.debug_funcnames
 *(.debug_funcnames)

.debug_typenames
 *(.debug_typenames)

.debug_varnames
 *(.debug_varnames)

.debug_alt_sim_info
                0x0000000000000000       0x10
 *(.debug_alt_sim_info)
 .debug_alt_sim_info
                0x0000000000000000       0x10 c:/Users/User/Desktop/Coursework-on-Verilog/software/cpu_bsp//obj/HAL/src/crt0.o
                0x0000000000008000                __alt_data_end = 0x8000
                0x0000000000008000                PROVIDE (__alt_stack_pointer = __alt_data_end)
                [!provide]                        PROVIDE (__alt_stack_limit = __alt_stack_base)
                [!provide]                        PROVIDE (__alt_heap_start = end)
                [!provide]                        PROVIDE (__alt_heap_limit = 0x8000)
OUTPUT(cpu.elf elf32-littlenios2)
LOAD linker stubs

.debug_ranges   0x0000000000000000      0x150
 .debug_ranges  0x0000000000000000       0x20 c:/Users/User/Desktop/Coursework-on-Verilog/software/cpu_bsp//obj/HAL/src/crt0.o
 .debug_ranges  0x0000000000000020       0x70 d:/intelfpga_lite/20.1/nios2eds/bin/gnu/h-x86_64-mingw32/bin/../lib/gcc/nios2-elf/10.1.1/mno-hw-mul\libgcc.a(lib2-divmod.o)
 .debug_ranges  0x0000000000000090       0x18 d:/intelfpga_lite/20.1/nios2eds/bin/gnu/h-x86_64-mingw32/bin/../lib/gcc/nios2-elf/10.1.1/../../../../../H-x86_64-mingw32/nios2-elf/lib/mno-hw-mul\libc.a(lib_a-rand.o)
 .debug_ranges  0x00000000000000a8       0x40 d:/intelfpga_lite/20.1/nios2eds/bin/gnu/h-x86_64-mingw32/bin/../lib/gcc/nios2-elf/10.1.1/mno-hw-mul\libgcc.a(_muldi3.o)
 .debug_ranges  0x00000000000000e8       0x10 d:/intelfpga_lite/20.1/nios2eds/bin/gnu/h-x86_64-mingw32/bin/../lib/gcc/nios2-elf/10.1.1/../../../../../H-x86_64-mingw32/nios2-elf/lib/mno-hw-mul\libc.a(lib_a-atexit.o)
 .debug_ranges  0x00000000000000f8       0x10 d:/intelfpga_lite/20.1/nios2eds/bin/gnu/h-x86_64-mingw32/bin/../lib/gcc/nios2-elf/10.1.1/../../../../../H-x86_64-mingw32/nios2-elf/lib/mno-hw-mul\libc.a(lib_a-exit.o)
 .debug_ranges  0x0000000000000108       0x10 d:/intelfpga_lite/20.1/nios2eds/bin/gnu/h-x86_64-mingw32/bin/../lib/gcc/nios2-elf/10.1.1/../../../../../H-x86_64-mingw32/nios2-elf/lib/mno-hw-mul\libc.a(lib_a-__atexit.o)
 .debug_ranges  0x0000000000000118       0x38 d:/intelfpga_lite/20.1/nios2eds/bin/gnu/h-x86_64-mingw32/bin/../lib/gcc/nios2-elf/10.1.1/../../../../../H-x86_64-mingw32/nios2-elf/lib/mno-hw-mul\libc.a(lib_a-__call_atexit.o)
